
> unipo-frontend@0.1.0 build
> next build --turbopack

   ▲ Next.js 15.5.3 (Turbopack)

   Creating an optimized production build ...
 ✓ Finished writing to disk in 501ms
 ✓ Compiled successfully in 14.2s
   Linting and checking validity of types ...

./app/admin/campaigns/[id]/edit/page.tsx
4:62  Warning: 'MapPin' is defined but never used.  @typescript-eslint/no-unused-vars
4:70  Warning: 'CreditCard' is defined but never used.  @typescript-eslint/no-unused-vars
8:25  Warning: 'mockStores' is defined but never used.  @typescript-eslint/no-unused-vars
86:9  Warning: 'handleStoreToggle' is assigned a value but never used.  @typescript-eslint/no-unused-vars

./app/admin/campaigns/[id]/page.tsx
4:81  Warning: 'PlayCircle' is defined but never used.  @typescript-eslint/no-unused-vars
4:117  Warning: 'MapPin' is defined but never used.  @typescript-eslint/no-unused-vars

./app/admin/campaigns/new/page.tsx
8:10  Warning: 'mockStores' is defined but never used.  @typescript-eslint/no-unused-vars
83:9  Warning: 'handleStoreToggle' is assigned a value but never used.  @typescript-eslint/no-unused-vars

./app/admin/distributions/page.tsx
38:6  Warning: 'StoreDistributionType' is defined but never used.  @typescript-eslint/no-unused-vars

./app/advertiser/campaigns/[id]/edit/page.tsx
4:62  Warning: 'MapPin' is defined but never used.  @typescript-eslint/no-unused-vars
8:25  Warning: 'mockStores' is defined but never used.  @typescript-eslint/no-unused-vars

./app/advertiser/campaigns/[id]/page.tsx
4:92  Warning: 'MapPin' is defined but never used.  @typescript-eslint/no-unused-vars

./components/admin/AdminLayout.tsx
21:3  Warning: 'Building2' is defined but never used.  @typescript-eslint/no-unused-vars
22:3  Warning: 'UsersRound' is defined but never used.  @typescript-eslint/no-unused-vars

info  - Need to disable some ESLint rules? Learn more here: https://nextjs.org/docs/app/api-reference/config/eslint#disabling-rules
   Collecting page data ...
   Generating static pages (0/87) ...
   Generating static pages (21/87) 
   Generating static pages (43/87) 
   Generating static pages (65/87) 
 ✓ Generating static pages (87/87)
   Finalizing page optimization ...
   Collecting build traces ...

Route (app)                                                  Size  First Load JS
┌ ○ /                                                         0 B         117 kB
├ ○ /_not-found                                               0 B         117 kB
├ ○ /admin/admin-accounts                                 9.06 kB         126 kB
├ ƒ /admin/admin-accounts/[id]                            9.46 kB         126 kB
├ ƒ /admin/admin-accounts/[id]/edit                       9.18 kB         126 kB
├ ○ /admin/admin-accounts/new                             8.95 kB         126 kB
├ ○ /admin/advertisers                                    1.91 kB         132 kB
├ ƒ /admin/advertisers/[id]                               17.4 kB         134 kB
├ ƒ /admin/advertisers/[id]/edit                            17 kB         134 kB
├ ○ /admin/advertisers/create                             16.6 kB         133 kB
├ ○ /admin/agencies                                       1.57 kB         132 kB
├ ƒ /admin/agencies/[id]                                  16.4 kB         133 kB
├ ƒ /admin/agencies/[id]/edit                             14.6 kB         131 kB
├ ○ /admin/agencies/create                                9.51 kB         126 kB
├ ○ /admin/areas                                          1.46 kB         131 kB
├ ƒ /admin/areas/[id]                                     14.6 kB         131 kB
├ ƒ /admin/areas/[id]/edit                                14.3 kB         131 kB
├ ○ /admin/areas/new                                      8.67 kB         125 kB
├ ○ /admin/campaign-plans                                 8.75 kB         125 kB
├ ƒ /admin/campaign-plans/[id]                            9.06 kB         126 kB
├ ƒ /admin/campaign-plans/[id]/edit                       8.92 kB         126 kB
├ ○ /admin/campaign-plans/new                             8.81 kB         125 kB
├ ○ /admin/campaigns                                      1.95 kB         132 kB
├ ƒ /admin/campaigns/[id]                                 17.3 kB         134 kB
├ ƒ /admin/campaigns/[id]/assign-gift-cards               9.55 kB         126 kB
├ ƒ /admin/campaigns/[id]/assign-gift-cards/store-search  9.68 kB         126 kB
├ ƒ /admin/campaigns/[id]/edit                            16.8 kB         133 kB
├ ○ /admin/campaigns/new                                  10.3 kB         127 kB
├ ○ /admin/categories                                     1.32 kB         131 kB
├ ƒ /admin/categories/[id]                                14.6 kB         131 kB
├ ƒ /admin/categories/[id]/edit                           8.69 kB         125 kB
├ ○ /admin/categories/new                                 8.67 kB         125 kB
├ ○ /admin/companies                                      9.23 kB         126 kB
├ ƒ /admin/companies/[id]                                 11.8 kB         128 kB
├ ƒ /admin/companies/[id]/edit                            9.23 kB         126 kB
├ ○ /admin/companies/new                                   8.9 kB         126 kB
├ ƒ /admin/distribution-history/[id]                      9.98 kB         127 kB
├ ƒ /admin/distribution-records/[id]                      11.5 kB         128 kB
├ ƒ /admin/distribution-records/[id]/edit                 9.63 kB         126 kB
├ ○ /admin/distribution-records/create                    9.54 kB         126 kB
├ ƒ /admin/distribution-records/stores/[id]               15.6 kB         132 kB
├ ○ /admin/distributions                                  3.19 kB         133 kB
├ ○ /admin/gift-cards                                     1.74 kB         132 kB
├ ƒ /admin/gift-cards/[id]                                9.27 kB         126 kB
├ ƒ /admin/gift-cards/[id]/edit                           8.97 kB         126 kB
├ ○ /admin/groups                                         9.14 kB         126 kB
├ ƒ /admin/groups/[id]                                    10.6 kB         127 kB
├ ƒ /admin/groups/[id]/edit                               9.43 kB         126 kB
├ ○ /admin/groups/new                                     8.99 kB         126 kB
├ ○ /admin/industries                                     1.34 kB         131 kB
├ ƒ /admin/industries/[id]                                14.5 kB         131 kB
├ ƒ /admin/industries/[id]/edit                           14.3 kB         131 kB
├ ○ /admin/industries/new                                 8.67 kB         125 kB
├ ○ /admin/invoices                                       1.35 kB         131 kB
├ ƒ /admin/invoices/[id]                                  9.61 kB         126 kB
├ ƒ /admin/invoices/[id]/edit                             15.1 kB         132 kB
├ ○ /admin/invoices/new                                     15 kB         132 kB
├ ○ /admin/login                                          4.47 kB         121 kB
├ ○ /admin/members                                        2.52 kB         133 kB
├ ƒ /admin/members/[id]                                   17.5 kB         134 kB
├ ƒ /admin/members/[id]/edit                              15.8 kB         132 kB
├ ƒ /admin/members/[id]/gift-history                      15.7 kB         132 kB
├ ƒ /admin/members/[id]/gift-history/[historyId]          9.22 kB         126 kB
├ ƒ /admin/members/[id]/point-history                       16 kB         133 kB
├ ƒ /admin/members/[id]/point-history/[historyId]         9.42 kB         126 kB
├ ○ /admin/members/new                                    10.6 kB         127 kB
├ ○ /admin/notices                                        1.63 kB         132 kB
├ ƒ /admin/notices/[id]                                   14.9 kB         132 kB
├ ƒ /admin/notices/[id]/edit                              14.7 kB         131 kB
├ ○ /admin/notices/new                                    9.32 kB         126 kB
├ ○ /admin/point-items                                    9.46 kB         126 kB
├ ƒ /admin/point-items/[id]                               10.2 kB         127 kB
├ ƒ /admin/point-items/[id]/edit                          9.87 kB         127 kB
├ ○ /admin/point-items/new                                9.53 kB         126 kB
├ ○ /admin/point-settings                                 8.88 kB         126 kB
├ ○ /admin/questionnaires                                 10.3 kB         127 kB
├ ƒ /admin/questionnaires/[id]                            11.1 kB         128 kB
├ ƒ /admin/questionnaires/[id]/edit                       10.8 kB         127 kB
├ ○ /admin/questionnaires/new                             10.2 kB         127 kB
├ ○ /admin/questionnaires/responses                       10.3 kB         127 kB
├ ƒ /admin/questionnaires/responses/[id]                  9.72 kB         126 kB
├ ○ /admin/stores                                         2.29 kB         132 kB
├ ƒ /admin/stores/[id]                                    16.9 kB         134 kB
├ ƒ /admin/stores/[id]/edit                               16.7 kB         133 kB
├ ○ /admin/stores/new                                     11.2 kB         128 kB
├ ○ /advertiser/account                                   8.45 kB         125 kB
├ ○ /advertiser/campaigns                                 7.44 kB         124 kB
├ ƒ /advertiser/campaigns/[id]                            9.95 kB         127 kB
├ ƒ /advertiser/campaigns/[id]/edit                       15.4 kB         132 kB
├ ○ /advertiser/campaigns/new                             8.12 kB         125 kB
├ ƒ /advertiser/distribution-history/[id]                 6.69 kB         123 kB
├ ƒ /advertiser/distribution-records/[id]/edit            7.28 kB         124 kB
├ ○ /advertiser/distribution-records/create               7.62 kB         124 kB
├ ○ /advertiser/distributions                             7.59 kB         124 kB
├ ƒ /advertiser/distributions/[id]                        8.94 kB         126 kB
├ ƒ /advertiser/distributions/stores/[id]                 8.54 kB         125 kB
├ ○ /advertiser/invoices                                  8.56 kB         125 kB
├ ƒ /advertiser/invoices/[id]                             8.45 kB         125 kB
├ ○ /advertiser/login                                     4.51 kB         121 kB
├ ○ /advertiser/notices                                   7.85 kB         125 kB
├ ○ /advertiser/questionnaires                            8.87 kB         126 kB
├ ƒ /advertiser/questionnaires/[id]                        9.2 kB         126 kB
├ ƒ /advertiser/questionnaires/[id]/edit                   8.7 kB         125 kB
├ ○ /advertiser/questionnaires/new                        8.16 kB         125 kB
├ ○ /advertiser/questionnaires/responses                  8.37 kB         125 kB
├ ƒ /advertiser/questionnaires/responses/[id]             7.82 kB         124 kB
├ ○ /advertiser/settings                                  8.29 kB         125 kB
├ ○ /company/distributions                                6.97 kB         124 kB
├ ○ /company/groups                                       7.15 kB         124 kB
├ ƒ /company/groups/[id]                                  7.35 kB         124 kB
├ ƒ /company/groups/[id]/edit                             7.01 kB         124 kB
├ ○ /company/groups/new                                   6.98 kB         124 kB
├ ○ /company/home                                         7.26 kB         124 kB
├ ○ /company/stores                                       7.16 kB         124 kB
├ ƒ /company/stores/[id]                                  7.29 kB         124 kB
├ ○ /company/stores/new                                   7.17 kB         124 kB
├ ○ /group/distributions                                  6.77 kB         123 kB
├ ○ /group/home                                           6.87 kB         124 kB
├ ○ /group/stores                                         7.46 kB         124 kB
├ ƒ /group/stores/[id]                                    7.05 kB         124 kB
├ ƒ /group/stores/[id]/edit                               6.87 kB         124 kB
├ ○ /group/stores/new                                     6.84 kB         124 kB
├ ○ /store                                                6.91 kB         124 kB
├ ○ /store/edit                                           6.91 kB         124 kB
├ ○ /store/giftcards                                      6.76 kB         123 kB
├ ƒ /store/giftcards/[id]                                 7.69 kB         124 kB
├ ○ /store/login                                          1.32 kB         118 kB
├ ○ /store/qr                                             12.4 kB         129 kB
├ ○ /store/settings                                        6.1 kB         123 kB
├ ○ /user/auth/login                                      2.21 kB         120 kB
├ ○ /user/auth/register                                   4.42 kB         122 kB
├ ○ /user/auth/set-password                               2.07 kB         119 kB
├ ○ /user/giftcards                                       9.32 kB         127 kB
├ ƒ /user/giftcards/[id]                                  2.95 kB         120 kB
├ ○ /user/giftcards/receive                               9.38 kB         127 kB
├ ○ /user/history                                           273 B         118 kB
├ ○ /user/home                                            8.97 kB         126 kB
├ ○ /user/mypage                                           9.4 kB         127 kB
├ ○ /user/mypage/edit                                     10.3 kB         128 kB
├ ○ /user/notifications                                   8.84 kB         126 kB
├ ○ /user/password/change                                 9.32 kB         127 kB
├ ○ /user/points                                          11.4 kB         129 kB
├ ○ /user/points/history                                  9.61 kB         127 kB
├ ○ /user/referral                                        8.76 kB         126 kB
├ ○ /user/stores                                          9.31 kB         127 kB
├ ƒ /user/stores/[id]                                     9.59 kB         127 kB
├ ○ /user/surveys                                         9.49 kB         127 kB
└ ƒ /user/surveys/[id]                                    3.46 kB         121 kB
+ First Load JS shared by all                              131 kB
  ├ chunks/209242d0e0f1632f.js                            17.2 kB
  ├ chunks/bbaeeea29ea4a4ce.js                              13 kB
  ├ chunks/d7eefcf0774315f0.js                            58.9 kB
  ├ chunks/b94c2e6c000726c5.css                           13.9 kB
  └ other shared chunks (total)                           27.6 kB


○  (Static)   prerendered as static content
ƒ  (Dynamic)  server-rendered on demand

